node : PASS services/transfer-service/src/__tests__/saga.test.ts
At line:1 char:1
+ node node_modules\jest\bin\jest.js > test-results.txt 2>&1 ; cat test ...
+ ~~~~~~~~~~~~~~~~~~~~~~~~~~~~~~~~~~~~~~~~~~~~~~~~~~~~~~~~~~
    + CategoryInfo          : NotSpecified: (PASS services/t...__/saga.test.ts:String) [], RemoteException
    + FullyQualifiedErrorId : NativeCommandError
 
  ΓùÅ Console

    console.error
      [transfer-service] CRITICAL: Compensation failed for transfer transfer-001: Compensation service down

    [0m [90m 83 |[39m         [90m// Compensation itself failed ΓÇö critical issue, log it[39m
     [90m 84 |[39m         [36mconst[39m compErrorMsg [33m=[39m 
compensationError[33m.[39mresponse[33m?[39m[33m.[39mdata[33m?[39m[33m.[39merror [33m||[39m 
compensationError[33m.[39mmessage[33m;[39m
    [31m[1m>[22m[39m[90m 85 |[39m         console[33m.[39merror(
     [90m    |[39m                 [31m[1m^[22m[39m
     [90m 86 |[39m           [32m`[transfer-service] CRITICAL: Compensation failed for transfer ${transfer.id}:`[39m[33m,[39m
     [90m 87 |[39m           compErrorMsg[33m,[39m
     [90m 88 |[39m         )[33m;[39m[0m

      at TransferSaga.handleFailure (services/transfer-service/src/saga.ts:85:17)
      at Object.<anonymous> (services/transfer-service/src/__tests__/saga.test.ts:182:20)

PASS services/account-service/src/__tests__/routes.test.ts
PASS tests/integration/transfer.test.ts

Test Suites: 3 passed, 3 total
Tests:       22 passed, 22 total
Snapshots:   0 total
Time:        2.905 s, estimated 3 s
Ran all test suites.
